shawanna.sarvis.19	89.99406554014006
alessandra.meli.19	79.99952809387423
elroy.korhonen.19	80.41836306691363
deloris.hyde.19	57.51563438024081
